[recorder] session start
[st] f0 020c7838 pos=(-1200.0,254.0,6800.0) spd=0 vy=-32768
[fx] f0 pos=(-1200.0,254.0,6800.0) camang=0
[st] f29 020d4270 pos=(-1200.0,254.0,6800.0) spd=0 vy=-32768
[st] f30 020d32bc pos=(-1200.0,254.0,6800.0) spd=0 vy=-32768
[fx] f30 pos=(-1200.0,254.0,6800.0) camang=0
[fx] f60 pos=(-1200.0,254.0,6800.0) camang=0
[fx] f90 pos=(-1200.0,254.0,6800.0) camang=0
[fx] f120 pos=(-1200.0,254.0,6800.0) camang=0
[fx] f150 pos=(-1200.0,254.0,6800.0) camang=0
[fx] f180 pos=(-1200.0,254.0,6800.0) camang=0
[fx] f210 pos=(-1200.0,254.0,6800.0) camang=0
[fx] f240 pos=(-1200.0,254.0,6800.0) camang=0
[fx] f270 pos=(-1200.0,254.0,6800.0) camang=0
[fx] f300 pos=(-1200.0,254.0,6800.0) camang=0
[fx] f330 pos=(-1200.0,254.0,6800.0) camang=0
[st] f342 020d4270 pos=(-1200.0,254.0,6800.0) spd=0 vy=-32768
[in] f342 btn=0000 raw=0040
[in] f349 btn=0000 raw=0000
[in] f353 btn=0000 raw=0040
[fx] f360 pos=(-1200.0,254.0,6690.0) camang=0
[in] f361 btn=0000 raw=0050
[in] f362 btn=0000 raw=0010
[in] f363 btn=0000 raw=0090
[in] f373 btn=0000 raw=0010
[in] f375 btn=0000 raw=0050
[in] f378 btn=0000 raw=0040
[in] f380 btn=0000 raw=0060
[in] f383 btn=0000 raw=0020
[in] f384 btn=0000 raw=0000
[in] f385 btn=0200 raw=0000
[fx] f390 pos=(-1030.6,254.0,6529.0) camang=-8453
[st] f395 020d32bc pos=(-1027.1,254.0,6519.6) spd=0 vy=-32768
[in] f401 btn=0000 raw=0000
[in] f408 btn=0200 raw=0000
[fx] f420 pos=(-1027.1,254.0,6519.6) camang=-31251
[in] f426 btn=0000 raw=0000
[st] f444 020d4270 pos=(-1027.1,254.0,6519.6) spd=0 vy=-32768
[in] f444 btn=0000 raw=0010
[fx] f450 pos=(-1047.7,254.0,6515.6) camang=30386
[in] f469 btn=0000 raw=0000
[st] f480 020d32bc pos=(-1261.3,254.0,6456.0) spd=0 vy=-32768
[fx] f480 pos=(-1261.3,254.0,6456.0) camang=26661
[fx] f510 pos=(-1261.3,254.0,6456.0) camang=23421
[st] f518 020d4270 pos=(-1261.3,254.0,6456.0) spd=0 vy=-32768
[in] f518 btn=0800 raw=0050
[in] f530 btn=0800 raw=0010
[fx] f540 pos=(-1482.7,254.0,6344.5) camang=19774
[in] f546 btn=0800 raw=0050
[in] f551 btn=0800 raw=0040
[st] f567 020e22c0 pos=(-2173.8,301.0,5851.6) spd=117923 vy=192508
[in] f567 btn=0802 raw=0040
[in] f568 btn=0802 raw=0050
[fx] f570 pos=(-2256.1,422.5,5817.8) camang=14079
[in] f575 btn=0800 raw=0050
[in] f582 btn=0800 raw=0040
[in] f585 btn=0800 raw=0060
[st] f590 020e088c pos=(-2756.1,254.0,5500.0) spd=121638 vy=-32768
[st] f592 020d4270 pos=(-2808.9,254.0,5477.2) spd=117952 vy=-32768
[in] f596 btn=0800 raw=0040
[in] f599 btn=0800 raw=0050
[fx] f600 pos=(-3065.4,254.0,5409.6) camang=12740
[in] f602 btn=0800 raw=0010
[in] f605 btn=0800 raw=0050
[st] f620 020d15e0 pos=(-3516.0,254.0,4865.0) spd=147440 vy=-32768
[in] f620 btn=0c00 raw=0050
[st] f624 020e127c pos=(-3588.4,282.0,4720.1) spd=221160 vy=114688
[in] f624 btn=0c02 raw=0050
[fx] f630 pos=(-3697.1,408.0,4447.2) camang=7184
[in] f640 btn=0c00 raw=0050
[in] f641 btn=0800 raw=0050
[in] f644 btn=0800 raw=0040
[st] f652 020e088c pos=(-3824.3,307.1,3506.1) spd=210259 vy=-6786
[st] f655 020d4270 pos=(-3854.9,321.4,3386.3) spd=147440 vy=-20526
[in] f660 btn=0800 raw=0050
[fx] f660 pos=(-3928.8,333.8,3224.9) camang=3453
[in] f665 btn=0800 raw=0010
[in] f668 btn=0800 raw=0090
[in] f676 btn=0800 raw=0010
[in] f682 btn=0800 raw=0090
[st] f683 020d369c pos=(-3473.3,400.9,2765.4) spd=147440 vy=-25281
[in] f683 btn=0800 raw=0020
[st] f685 020d4270 pos=(-3417.3,403.7,2767.3) spd=114672 vy=-26952
[in] f685 btn=0802 raw=0000
[fx] f690 pos=(-3347.9,407.2,2769.5) camang=-5826
[in] f697 btn=0800 raw=0020
[fx] f720 pos=(-3597.5,394.7,2621.3) camang=-1347
[st] f730 020d369c pos=(-3877.0,380.6,2533.1) spd=135168 vy=-39432
[in] f730 btn=0800 raw=0010
[st] f733 020e1a10 pos=(-3910.9,436.4,2524.3) spd=32768 vy=237568
[in] f733 btn=0802 raw=0010
[in] f735 btn=0802 raw=0090
[in] f747 btn=0800 raw=0090
[fx] f750 pos=(-3673.9,925.2,2503.4) camang=-51
[in] f752 btn=0800 raw=0010
[in] f761 btn=0800 raw=0090
[st] f768 020e088c pos=(-3412.7,404.1,2547.1) spd=59392 vy=-29920
[st] f770 020d4270 pos=(-3373.6,406.1,2546.3) spd=92160 vy=-28263
[in] f772 btn=0800 raw=00a0
[st] f777 020e22c0 pos=(-3262.7,457.5,2664.2) spd=93366 vy=184832
[in] f777 btn=0802 raw=00a0
[fx] f780 pos=(-3240.4,573.4,2733.9) camang=-8426
[in] f787 btn=0800 raw=00a0
[in] f788 btn=0800 raw=0090
[in] f789 btn=0800 raw=0010
[in] f793 btn=0800 raw=0050
[st] f801 020e088c pos=(-3117.9,451.7,3331.9) spd=121638 vy=-26716
[st] f803 020d4270 pos=(-3089.3,457.8,3377.4) spd=117952 vy=-13155
[in] f804 btn=0800 raw=0040
[in] f807 btn=0800 raw=0060
[fx] f810 pos=(-2920.8,503.8,3478.0) camang=-19828
[in] f834 btn=0800 raw=0040
[st] f840 020d15e0 pos=(-1951.7,601.0,3162.3) spd=147440 vy=-18103
[in] f840 btn=0c00 raw=0040
[fx] f840 pos=(-1951.7,601.0,3162.3) camang=-14569
[st] f843 020e127c pos=(-1838.6,636.1,3114.7) spd=221160 vy=114688
[in] f843 btn=0c02 raw=0040
[in] f857 btn=0c00 raw=0040
[in] f859 btn=0800 raw=0040
[st] f864 020e088c pos=(-776.8,785.7,2750.0) spd=219810 vy=-32383
[st] f867 020d4270 pos=(-652.6,786.0,2707.5) spd=147440 vy=-32432
[in] f867 btn=0800 raw=0060
[fx] f870 pos=(-557.1,786.3,2657.3) camang=-13059
[in] f877 btn=0800 raw=0040
[in] f880 btn=0800 raw=0050
[st] f891 020d15e0 pos=(100.6,788.2,2334.1) spd=147440 vy=-32745
[in] f891 btn=0c00 raw=0050
[st] f892 020e127c pos=(154.5,816.2,2332.7) spd=221160 vy=114688
[in] f892 btn=0c02 raw=0050
[in] f894 btn=0c02 raw=0040
[in] f897 btn=0c02 raw=0060
[fx] f900 pos=(555.5,968.2,2304.6) camang=-13906
[in] f902 btn=0c02 raw=0040
[in] f904 btn=0c00 raw=0040
[in] f905 btn=0800 raw=0040
[in] f912 btn=0800 raw=0050
[in] f921 btn=0000 raw=0010
[in] f924 btn=0000 raw=0090
[fx] f930 pos=(1883.3,412.6,2225.7) camang=-15875
[st] f931 020e088c pos=(1916.2,406.1,2235.7) spd=144608 vy=-59766
[in] f931 btn=0000 raw=0010
[in] f932 btn=0000 raw=0050
[st] f934 020d4270 pos=(2000.3,388.7,2252.0) spd=117952 vy=-58428
[st] f949 020e22c0 pos=(2285.0,407.6,2377.1) spd=58962 vy=174078
[in] f949 btn=0002 raw=0050
[in] f952 btn=0000 raw=0050
[fx] f960 pos=(2441.6,486.8,2519.4) camang=-19469
[in] f963 btn=0000 raw=0040
[in] f966 btn=0000 raw=0060
[st] f968 020e088c pos=(2592.4,222.4,2669.0) spd=121638 vy=-80950
[st] f970 020d4270 pos=(2633.1,199.8,2700.7) spd=117952 vy=-77386
[in] f970 btn=0000 raw=0020
[st] f971 020d369c pos=(2654.1,189.0,2715.7) spd=117952 vy=-77386
[in] f971 btn=0000 raw=00a0
[in] f972 btn=0000 raw=0080
[in] f974 btn=0000 raw=00a0
[in] f979 btn=0000 raw=0080
[st] f980 020d4270 pos=(2656.1,191.1,2710.2) spd=-37696 vy=-17711
[in] f980 btn=0000 raw=0000
[in] f983 btn=0000 raw=0020
[in] f984 btn=0000 raw=00a0
[fx] f990 pos=(2637.6,200.2,2697.9) camang=-20805
[in] f995 btn=0000 raw=0080
[in] f1011 btn=0000 raw=0000
[st] f1019 020d32bc pos=(2583.2,238.1,2638.3) spd=0 vy=-32768
[fx] f1020 pos=(2583.2,238.0,2638.3) camang=-19819
[st] f1024 020d4270 pos=(2583.2,238.0,2638.3) spd=0 vy=-32768
[in] f1024 btn=0000 raw=00a0
[st] f1025 020e22c0 pos=(2583.2,276.0,2638.3) spd=0 vy=155648
[in] f1025 btn=0002 raw=00a0
[in] f1034 btn=0002 raw=0080
[in] f1035 btn=0000 raw=0080
[in] f1037 btn=0000 raw=00a0
[st] f1044 020e088c pos=(2500.6,313.1,2509.9) spd=63232 vy=-5289
[st] f1046 020d4270 pos=(2480.8,331.0,2477.1) spd=96000 vy=0
[in] f1049 btn=0000 raw=0080
[fx] f1050 pos=(2444.0,364.5,2420.7) camang=-14323
[in] f1056 btn=0800 raw=0080
[in] f1057 btn=0800 raw=00a0
[in] f1079 btn=0800 raw=0020
[fx] f1080 pos=(1666.7,461.3,2233.3) camang=1408
[in] f1081 btn=0800 raw=0060
[st] f1086 020d15e0 pos=(1456.8,507.3,2225.4) spd=147440 vy=-1891
[in] f1086 btn=0c00 raw=0060
[st] f1087 020e127c pos=(1404.4,535.3,2221.0) spd=221160 vy=114688
[in] f1087 btn=0c02 raw=0060
[in] f1098 btn=0c00 raw=0060
[in] f1099 btn=0800 raw=0060
[st] f1102 020e088c pos=(626.0,733.0,2196.4) spd=200642 vy=0
[in] f1104 btn=0800 raw=0040
[st] f1105 020d4270 pos=(509.8,767.3,2199.5) spd=147440 vy=0
[in] f1110 btn=0800 raw=0050
[fx] f1110 pos=(338.7,789.1,2175.2) camang=12976
[in] f1117 btn=0800 raw=0010
[st] f1126 020e127c pos=(-8.3,819.1,1758.9) spd=221160 vy=114688
[in] f1126 btn=0c02 raw=0050
[in] f1139 btn=0c00 raw=0050
[in] f1140 btn=0800 raw=0050
[fx] f1140 pos=(-34.8,1001.1,1027.7) camang=4454
[st] f1146 020e088c pos=(0.5,967.0,747.2) spd=186496 vy=-50157
[st] f1149 020d4270 pos=(11.5,956.5,636.5) spd=137344 vy=-45730
[in] f1152 btn=0800 raw=0040
[in] f1159 btn=0800 raw=0060
[st] f1160 020d369c pos=(15.2,875.8,248.8) spd=150826 vy=-81501
[in] f1160 btn=0800 raw=00a0
[st] f1163 020e1a10 pos=(10.1,917.4,207.9) spd=32768 vy=237568
[in] f1163 btn=0802 raw=00a0
[fx] f1170 pos=(-45.4,1232.4,281.3) camang=2149
[in] f1174 btn=0802 raw=0080
[in] f1175 btn=0800 raw=0080
[in] f1176 btn=0800 raw=0000
[in] f1179 btn=0800 raw=0010
[in] f1189 btn=0800 raw=0050
[st] f1198 020e088c pos=(-65.9,899.6,325.2) spd=-71680 vy=-51043
[st] f1200 020d4270 pos=(-52.5,895.9,308.1) spd=-38912 vy=-42796
[fx] f1200 pos=(-52.5,895.9,308.1) camang=1992
[in] f1224 btn=0800 raw=0040
[in] f1227 btn=0800 raw=0060
[in] f1229 btn=0800 raw=0040
[fx] f1230 pos=(63.6,784.4,-98.8) camang=214
[in] f1238 btn=0800 raw=0000
[in] f1239 btn=0000 raw=0000
[st] f1248 020d15e0 pos=(91.4,784.4,-511.0) spd=5728 vy=-32768
[in] f1248 btn=0400 raw=0000
[fx] f1260 pos=(92.0,784.4,-520.8) camang=-204
[in] f1261 btn=0c00 raw=0000
[in] f1267 btn=0400 raw=0000
[st] f1275 020dc510 pos=(92.0,784.4,-520.8) spd=0 vy=-32768
[in] f1275 btn=0401 raw=0000
[in] f1279 btn=0400 raw=0000
[fx] f1290 pos=(92.0,784.4,-520.8) camang=-600
[st] f1300 020d15e0 pos=(92.0,784.4,-520.8) spd=0 vy=-32768
[st] f1302 020e18a8 pos=(91.1,842.4,-504.8) spd=65536 vy=237568
[in] f1302 btn=0402 raw=0000
[in] f1305 btn=0400 raw=0000
[in] f1313 btn=0400 raw=0020
[in] f1314 btn=0400 raw=0060
[in] f1315 btn=0000 raw=0060
[in] f1319 btn=0000 raw=0040
[fx] f1320 pos=(66.5,1330.7,-264.9) camang=-448
[in] f1323 btn=0000 raw=0060
[in] f1333 btn=0000 raw=0040
[in] f1335 btn=0800 raw=0040
[st] f1337 020e088c pos=(6.0,784.8,-75.9) spd=0 vy=-32768
[st] f1339 020d4270 pos=(6.0,784.8,-75.9) spd=0 vy=-32768
[fx] f1350 pos=(7.3,784.4,-141.9) camang=417
[in] f1378 btn=0800 raw=0050
[fx] f1380 pos=(-4.8,784.4,-921.2) camang=214
[st] f1382 020cfa90 pos=(8.5,784.4,-984.0) spd=0 vy=-32768
[in] f1384 btn=0800 raw=0040
[in] f1389 btn=0000 raw=0040
[st] f1395 020d4270 pos=(9.5,784.4,-984.0) spd=40960 vy=-32768
[in] f1395 btn=0000 raw=0000
[in] f1400 btn=0000 raw=0010
[st] f1402 020cfa90 pos=(14.8,784.4,-984.0) spd=0 vy=-32768
[in] f1402 btn=0000 raw=0050
[fx] f1410 pos=(47.8,784.4,-984.0) camang=-519
[in] f1415 btn=0000 raw=0040
[in] f1416 btn=0000 raw=0060
[in] f1421 btn=0000 raw=0020
[st] f1422 020d4270 pos=(51.8,784.4,-984.0) spd=20480 vy=-32768
[in] f1422 btn=0000 raw=00a0
[in] f1425 btn=0800 raw=00a0
[fx] f1440 pos=(-169.7,784.4,-856.2) camang=3840
[in] f1441 btn=0800 raw=0080
[in] f1452 btn=0800 raw=00a0
[st] f1456 020d15e0 pos=(-188.0,784.4,-382.2) spd=147440 vy=-32768
[in] f1456 btn=0c00 raw=00a0
[st] f1457 020e127c pos=(-176.9,812.4,-329.4) spd=221160 vy=114688
[in] f1457 btn=0c02 raw=00a0
[in] f1462 btn=0c02 raw=0020
[in] f1466 btn=0c02 raw=0060
[in] f1467 btn=0c00 raw=0060
[in] f1468 btn=0800 raw=0060
[fx] f1470 pos=(-44.7,994.4,334.4) camang=25247
[st] f1478 020e088c pos=(12.8,968.2,759.8) spd=218028 vy=-12413
[st] f1481 020d4270 pos=(36.1,973.5,887.4) spd=147440 vy=-46434
[in] f1483 btn=0800 raw=0040
[in] f1486 btn=0800 raw=0050
[st] f1494 020d15e0 pos=(-44.9,919.2,1325.0) spd=147440 vy=-72829
[in] f1494 btn=0c00 raw=0050
[st] f1496 020e127c pos=(-92.3,937.4,1395.6) spd=221160 vy=114688
[in] f1496 btn=0c02 raw=0050
[fx] f1500 pos=(-214.0,1029.4,1555.4) camang=28699
[in] f1509 btn=0c00 raw=0050
[in] f1510 btn=0800 raw=0050
[in] f1514 btn=0800 raw=0040
[in] f1528 btn=0800 raw=0050
[fx] f1530 pos=(-1260.0,699.4,2436.0) camang=24742
[st] f1532 020e088c pos=(-1334.2,671.5,2490.5) spd=187740 vy=-56418
[st] f1535 020d4270 pos=(-1415.9,659.4,2563.3) spd=138588 vy=-40688
[st] f1543 020e22c0 pos=(-1654.7,670.3,2682.3) spd=117923 vy=192508
[in] f1543 btn=0802 raw=0050
[in] f1547 btn=0802 raw=0040
[in] f1550 btn=0800 raw=0040
[in] f1556 btn=0800 raw=0050
[fx] f1560 pos=(-2141.6,770.5,2812.7) camang=21366
[in] f1566 btn=0802 raw=0050
[st] f1567 020e088c pos=(-2347.4,495.5,2839.4) spd=121638 vy=-44542
[in] f1567 btn=0802 raw=0040
[st] f1568 020e22c0 pos=(-2371.0,550.9,2841.6) spd=97287 vy=227017
[in] f1578 btn=0800 raw=0040
[fx] f1590 pos=(-2990.2,695.8,2977.1) camang=19525
[in] f1594 btn=0802 raw=0040
[st] f1597 020e088c pos=(-3186.9,417.1,3032.1) spd=121638 vy=-41204
[st] f1598 020e22c0 pos=(-3209.7,489.6,3038.5) spd=97287 vy=296649
[fx] f1620 pos=(-3818.8,1260.6,3216.0) camang=19394
[in] f1625 btn=0800 raw=0040
[in] f1640 btn=0800 raw=0050
[st] f1644 020e088c pos=(-4504.6,254.0,3407.0) spd=121638 vy=-32768
[st] f1646 020d4270 pos=(-4561.0,254.0,3418.5) spd=117952 vy=-32768
[in] f1648 btn=0800 raw=0040
[fx] f1650 pos=(-4685.5,254.0,3431.3) camang=18901
[in] f1657 btn=0800 raw=0050
[st] f1660 020e22c0 pos=(-5032.4,301.0,3465.4) spd=117923 vy=192508
[in] f1660 btn=0802 raw=0050
[in] f1671 btn=0800 raw=0050
[in] f1679 btn=0800 raw=0040
[fx] f1680 pos=(-5602.0,459.9,3315.8) camang=16140
[st] f1681 020e088c pos=(-5629.6,447.9,3305.0) spd=121638 vy=-49152
[st] f1683 020e22c0 pos=(-5677.9,487.1,3267.7) spd=94339 vy=226096
[in] f1683 btn=0802 raw=0060
[in] f1688 btn=0802 raw=0040
[in] f1692 btn=0802 raw=0060
[in] f1703 btn=0800 raw=0060
[fx] f1710 pos=(-6442.3,707.7,3216.4) camang=15865
[in] f1711 btn=0800 raw=0020
[in] f1715 btn=0800 raw=0060
[st] f1716 020e088c pos=(-6611.4,450.0,3272.2) spd=121638 vy=-32768
[in] f1716 btn=0802 raw=0060
[st] f1718 020d4270 pos=(-6666.9,450.0,3282.7) spd=117952 vy=-32768
[in] f1728 btn=0000 raw=0020
[in] f1730 btn=0000 raw=00a0
[st] f1731 020e1b80 pos=(-7028.8,416.0,3482.2) spd=135152 vy=-65536
[in] f1733 btn=0800 raw=00a0
[st] f1738 020e088c pos=(-7101.4,254.0,3678.9) spd=121638 vy=-32768
[st] f1740 020d4270 pos=(-7124.0,254.0,3731.4) spd=117952 vy=-32768
[fx] f1740 pos=(-7124.0,254.0,3731.4) camang=21438
[st] f1749 020d15e0 pos=(-6951.2,254.0,3939.3) spd=147440 vy=-32768
[in] f1749 btn=0c00 raw=0020
[st] f1750 020e127c pos=(-6904.7,282.0,3966.8) spd=221160 vy=114688
[in] f1750 btn=0c02 raw=0020
[in] f1758 btn=0c02 raw=0060
[in] f1759 btn=0c02 raw=0040
[in] f1762 btn=0c02 raw=0060
[in] f1769 btn=0800 raw=0040
[fx] f1770 pos=(-6006.4,422.0,4429.8) camang=-27587
[in] f1772 btn=0800 raw=0050
[st] f1776 020e088c pos=(-5793.9,354.1,4599.3) spd=181650 vy=-1338
[in] f1776 btn=0800 raw=0040
[in] f1777 btn=0800 raw=0060
[st] f1779 020d4270 pos=(-5711.1,365.9,4665.0) spd=132498 vy=-32378
[in] f1780 btn=0800 raw=0040
[st] f1785 020e127c pos=(-5534.0,397.1,4807.7) spd=221160 vy=114688
[in] f1785 btn=0c02 raw=0040
[in] f1788 btn=0c02 raw=0050
[in] f1795 btn=0c02 raw=0040
[in] f1796 btn=0c02 raw=0060
[in] f1799 btn=0802 raw=0060
[in] f1800 btn=0800 raw=0060
[fx] f1800 pos=(-5051.6,577.1,5312.1) camang=-25288
[st] f1815 020e088c pos=(-4529.5,374.0,5652.2) spd=161550 vy=-16591
[st] f1818 020d4270 pos=(-4449.1,385.5,5695.3) spd=117952 vy=-12594
[st] f1825 020d15e0 pos=(-4257.1,369.1,5768.3) spd=138052 vy=-64536
[in] f1825 btn=0c00 raw=0060
[st] f1828 020e127c pos=(-4149.0,381.6,5794.2) spd=207078 vy=114688
[in] f1828 btn=0c02 raw=0060
[fx] f1830 pos=(-4053.6,431.6,5813.3) camang=-21958
[in] f1842 btn=0c00 raw=0060
[in] f1844 btn=0800 raw=0060
[fx] f1860 pos=(-2929.5,254.0,5642.7) camang=-16282
[st] f1861 020e088c pos=(-2905.2,254.0,5629.0) spd=114306 vy=-32768
[st] f1864 020d4270 pos=(-2826.9,254.0,5607.6) spd=117952 vy=-32768
[in] f1865 btn=0800 raw=0040
[in] f1871 btn=0800 raw=0060
[st] f1878 020d15e0 pos=(-2354.8,254.0,5597.8) spd=147440 vy=-32768
[in] f1878 btn=0c00 raw=0060
[st] f1882 020e127c pos=(-2201.4,282.0,5546.1) spd=221160 vy=114688
[in] f1882 btn=0c02 raw=0060
[fx] f1890 pos=(-1858.3,434.0,5388.0) camang=-14031
[in] f1895 btn=0c00 raw=0060
[in] f1896 btn=0800 raw=0060
[in] f1906 btn=0800 raw=0040
[st] f1907 020e088c pos=(-1385.1,367.9,4968.3) spd=148893 vy=-6640
[st] f1910 020d4270 pos=(-1319.5,380.4,4915.8) spd=117952 vy=-26827
[st] f1919 020d15e0 pos=(-1081.9,415.7,4823.6) spd=124398 vy=-13275
[in] f1919 btn=0c00 raw=0040
[fx] f1920 pos=(-1055.5,420.4,4812.6) camang=-11435
[st] f1922 020e127c pos=(-989.5,453.2,4785.3) spd=186597 vy=114688
[in] f1922 btn=0c02 raw=0040
[in] f1937 btn=0802 raw=0040
[in] f1938 btn=0800 raw=0040
[st] f1941 020e088c pos=(-75.1,651.9,4379.1) spd=220944 vy=0
[st] f1944 020d4270 pos=(35.1,705.1,4330.1) spd=147440 vy=0
[in] f1950 btn=0800 raw=0050
[fx] f1950 pos=(226.1,681.4,4250.5) camang=-11938
[st] f1958 020d15e0 pos=(512.6,605.2,4203.5) spd=156641 vy=-70030
[in] f1958 btn=0c00 raw=0050
[in] f1959 btn=0c00 raw=0040
[st] f1961 020e127c pos=(641.1,615.0,4197.0) spd=234962 vy=114688
[in] f1961 btn=0c02 raw=0040
[in] f1974 btn=0c02 raw=0050
[in] f1979 btn=0c00 raw=0050
[fx] f1980 pos=(1608.0,767.0,4102.8) camang=-14728
[in] f1981 btn=0800 raw=0050
[in] f2002 btn=0800 raw=0040
[st] f2004 020e088c pos=(2450.6,36.9,4365.1) spd=149368 vy=-39748
[st] f2007 020d4270 pos=(2534.1,32.6,4391.1) spd=117952 vy=-38697
[fx] f2010 pos=(2626.3,27.9,4388.9) camang=-17991
[st] f2011 020d15e0 pos=(2658.0,24.0,4388.5) spd=130240 vy=-82209
[in] f2011 btn=0c00 raw=0040
[st] f2014 020e127c pos=(2760.9,29.4,4387.2) spd=195360 vy=114688
[in] f2014 btn=0c02 raw=0040
[in] f2025 btn=0802 raw=0040
[in] f2026 btn=0800 raw=0040
[fx] f2040 pos=(4147.7,55.4,4447.0) camang=-17086
[st] f2048 020ce550 pos=(4577.4,-208.6,4473.9) spd=0 vy=0
[in] f2058 btn=0800 raw=0060
[in] f2061 btn=0800 raw=0020
[fx] f2070 pos=(4613.0,-259.0,4466.8) camang=-15621
[in] f2072 btn=0000 raw=0020
[in] f2075 btn=0002 raw=0020
[in] f2079 btn=0000 raw=0020
[in] f2080 btn=0002 raw=0020
[in] f2083 btn=0000 raw=0020
[in] f2085 btn=0002 raw=0020
[in] f2087 btn=0000 raw=0060
[in] f2088 btn=0000 raw=0040
[in] f2089 btn=0002 raw=0040
[in] f2091 btn=0000 raw=0040
[in] f2093 btn=0002 raw=0040
[in] f2096 btn=0000 raw=0040
[in] f2099 btn=0002 raw=0050
[fx] f2100 pos=(4743.5,-255.8,4183.2) camang=-4877
[in] f2101 btn=0000 raw=0050
[in] f2104 btn=0002 raw=0050
[in] f2107 btn=0000 raw=0050
[in] f2109 btn=0002 raw=0040
[in] f2112 btn=0000 raw=0040
[in] f2114 btn=0002 raw=0040
[in] f2117 btn=0000 raw=0040
[in] f2119 btn=0002 raw=0040
[in] f2121 btn=0002 raw=0050
[in] f2122 btn=0000 raw=0050
[in] f2129 btn=0800 raw=0010
[fx] f2130 pos=(4846.1,-509.0,3875.9) camang=-4302
[in] f2141 btn=0800 raw=0050
[in] f2148 btn=0802 raw=0050
[in] f2153 btn=0800 raw=0040
[in] f2156 btn=0800 raw=0060
[in] f2158 btn=0800 raw=0020
[in] f2160 btn=0000 raw=00a0
[fx] f2160 pos=(5075.4,-839.8,3772.2) camang=-12696
[in] f2162 btn=0001 raw=00a0
[in] f2166 btn=0000 raw=00a0
[in] f2167 btn=0001 raw=00a0
[in] f2168 btn=0001 raw=0020
[in] f2169 btn=0001 raw=0000
[in] f2170 btn=0000 raw=0000
[in] f2172 btn=0001 raw=0000
[in] f2175 btn=0000 raw=0000
[in] f2177 btn=0001 raw=0000
[in] f2180 btn=0000 raw=0000
[in] f2181 btn=0001 raw=0000
[in] f2184 btn=0000 raw=0000
[in] f2187 btn=0002 raw=0000
[fx] f2190 pos=(5393.4,-1125.2,3713.2) camang=-14147
[in] f2195 btn=0000 raw=0000
[in] f2196 btn=0002 raw=0000
[in] f2200 btn=0000 raw=0000
[in] f2202 btn=0002 raw=0080
[in] f2205 btn=0000 raw=0080
[in] f2208 btn=0002 raw=0080
[in] f2211 btn=0000 raw=0080
[in] f2213 btn=0002 raw=0080
[fx] f2220 pos=(5618.7,-1169.7,3664.0) camang=-14147
[in] f2222 btn=0002 raw=0000
[in] f2233 btn=0002 raw=0080
[in] f2246 btn=0000 raw=0080
[in] f2250 btn=0002 raw=0080
[fx] f2250 pos=(5820.6,-1020.9,3620.0) camang=-14147
[in] f2264 btn=0000 raw=0080
[in] f2269 btn=0002 raw=0080
[in] f2272 btn=0000 raw=0080
[in] f2273 btn=0002 raw=0080
[in] f2276 btn=0000 raw=0080
[in] f2279 btn=0002 raw=0080
[fx] f2280 pos=(5836.2,-666.8,3616.6) camang=-14147
[in] f2281 btn=0000 raw=0080
[in] f2283 btn=0002 raw=0080
[in] f2285 btn=0000 raw=0080
[in] f2287 btn=0002 raw=0080
[in] f2289 btn=0000 raw=0080
[in] f2291 btn=0002 raw=0080
[in] f2294 btn=0000 raw=0080
[in] f2295 btn=0002 raw=0080
[in] f2298 btn=0000 raw=0080
[in] f2299 btn=0002 raw=0080
[in] f2302 btn=0000 raw=0080
[in] f2305 btn=0002 raw=0080
[in] f2308 btn=0002 raw=00a0
[in] f2309 btn=0000 raw=00a0
[in] f2310 btn=0002 raw=00a0
[fx] f2310 pos=(5852.1,-180.0,3613.1) camang=-14070
[in] f2313 btn=0000 raw=00a0
[in] f2315 btn=0000 raw=0020
[in] f2317 btn=0000 raw=0060
[in] f2325 btn=0000 raw=0020
[in] f2326 btn=0000 raw=0000
[fx] f2340 pos=(6020.2,-179.9,3489.9) camang=-9810
[fx] f2370 pos=(6029.8,-180.0,3479.7) camang=-8337
[fx] f2400 pos=(6029.8,-180.0,3479.7) camang=-7888
[fx] f2430 pos=(6029.8,-179.9,3479.7) camang=-7888
[in] f2431 btn=0800 raw=0000
[in] f2441 btn=4800 raw=0000
[in] f2442 btn=4000 raw=0000
[in] f2443 btn=0000 raw=0000
[in] f2446 btn=0000 raw=0020
[in] f2447 btn=0000 raw=0000
[in] f2449 btn=0100 raw=0000
[in] f2452 btn=0000 raw=0020
[in] f2454 btn=0000 raw=0000
[in] f2455 btn=0002 raw=0000
[in] f2458 btn=0000 raw=0000
[fx] f2460 pos=(6151.6,-179.9,3349.2) camang=-6093
[in] f2470 btn=0000 raw=0080
[in] f2471 btn=0002 raw=0000
[in] f2474 btn=0000 raw=0000
[in] f2480 btn=0000 raw=0010
[in] f2482 btn=0002 raw=0000
[in] f2483 btn=0002 raw=0020
[in] f2484 btn=0000 raw=0020
[in] f2485 btn=0000 raw=0000
[in] f2486 btn=0000 raw=0010
[in] f2488 btn=0002 raw=0000
[in] f2490 btn=0100 raw=0000
[fx] f2490 pos=(6325.1,-180.0,3162.6) camang=-6828
[in] f2491 btn=0000 raw=0000
[in] f2495 btn=0100 raw=0000
[in] f2498 btn=0000 raw=0000
[in] f2508 btn=0002 raw=0000
[in] f2511 btn=0000 raw=0000
[in] f2514 btn=0100 raw=0000
[in] f2516 btn=0000 raw=0000
[in] f2517 btn=0100 raw=0000
[in] f2518 btn=0000 raw=0000
[fx] f2520 pos=(6329.2,-180.0,3166.2) camang=-3981
[in] f2521 btn=0000 raw=0080
[in] f2522 btn=0002 raw=0000
[in] f2525 btn=0000 raw=0000
[in] f2529 btn=0100 raw=0000
[in] f2531 btn=0002 raw=0000
[in] f2533 btn=0100 raw=0000
[in] f2535 btn=0000 raw=0000
[in] f2537 btn=0001 raw=0000
[in] f2539 btn=0000 raw=0000
[in] f2545 btn=4000 raw=0000
[in] f2547 btn=0000 raw=0000
[in] f2549 btn=0100 raw=0000
[in] f2550 btn=0000 raw=0000
[fx] f2550 pos=(6333.4,-179.9,3170.2) camang=-6879
[in] f2553 btn=0002 raw=0000
[in] f2556 btn=0000 raw=0000
[fx] f2580 pos=(6337.4,-180.0,3174.1) camang=-7856
[in] f2595 btn=0000 raw=0080
[in] f2596 btn=0000 raw=0000
[in] f2597 btn=0002 raw=0000
[in] f2599 btn=0000 raw=0000
[fx] f2610 pos=(6339.2,-180.0,3176.0) camang=-7856
[fx] f2640 pos=(6341.0,-179.9,3178.6) camang=-7856
[in] f2650 btn=0000 raw=0080
[in] f2652 btn=0000 raw=0000
[in] f2656 btn=0000 raw=0040
[in] f2657 btn=0000 raw=0000
[in] f2666 btn=0000 raw=0010
[in] f2668 btn=0000 raw=0000
[in] f2670 btn=0000 raw=0040
[fx] f2670 pos=(6340.9,-179.9,3178.7) camang=-8094
[in] f2671 btn=0000 raw=0000
[in] f2682 btn=0002 raw=0000
[in] f2685 btn=0000 raw=0000
[fx] f2700 pos=(6343.7,-180.0,3180.2) camang=-8110
[in] f2720 btn=0800 raw=0000
[in] f2725 btn=0000 raw=0000
[in] f2728 btn=4000 raw=0000
[in] f2729 btn=0000 raw=0000
[fx] f2730 pos=(6346.8,-180.0,3183.7) camang=-8110
[in] f2737 btn=0000 raw=0010
[in] f2738 btn=0002 raw=0000
[in] f2740 btn=0000 raw=0000
[in] f2742 btn=0002 raw=0000
[in] f2744 btn=0000 raw=0000
[in] f2746 btn=0100 raw=0000
[in] f2748 btn=0102 raw=0000
[in] f2749 btn=0002 raw=0000
[in] f2750 btn=0000 raw=0020
[in] f2752 btn=0002 raw=0000
[in] f2754 btn=0000 raw=0010
[in] f2755 btn=0000 raw=0000
[in] f2757 btn=0100 raw=0000
[in] f2758 btn=0000 raw=0000
[fx] f2760 pos=(6356.4,-179.9,3191.2) camang=-5611
[in] f2766 btn=0002 raw=0000
[in] f2769 btn=0000 raw=0000
[in] f2770 btn=0100 raw=0000
[in] f2772 btn=0000 raw=0000
[in] f2788 btn=0002 raw=0000
[fx] f2790 pos=(6367.7,-180.0,3201.6) camang=-6892
[in] f2791 btn=0000 raw=0000
[in] f2813 btn=0100 raw=0000
[in] f2815 btn=0002 raw=0000
[in] f2818 btn=0100 raw=0000
[fx] f2820 pos=(6378.8,-180.0,3211.7) camang=-3289
[in] f2821 btn=0002 raw=0000
[in] f2823 btn=0000 raw=0000
[fx] f2850 pos=(6388.4,-179.9,3221.2) camang=-7178
[fx] f2880 pos=(6389.5,-179.9,3223.1) camang=-8079
[in] f2882 btn=0000 raw=0020
[in] f2884 btn=0000 raw=0000
[in] f2885 btn=0000 raw=0010
[in] f2886 btn=0002 raw=0010
[in] f2887 btn=0002 raw=0000
[in] f2889 btn=0000 raw=0000
[in] f2897 btn=0100 raw=0000
[in] f2899 btn=0000 raw=0000
[in] f2903 btn=0000 raw=0020
[in] f2905 btn=0000 raw=0000
[in] f2908 btn=0002 raw=0000
[in] f2910 btn=0000 raw=0000
[fx] f2910 pos=(6391.1,-180.0,3223.6) camang=-6764
[in] f2920 btn=0100 raw=0000
[in] f2921 btn=0102 raw=0000
[in] f2922 btn=0002 raw=0000
[in] f2924 btn=0000 raw=0000
[in] f2925 btn=0100 raw=0000
[in] f2926 btn=0102 raw=0000
[in] f2927 btn=0002 raw=0000
[in] f2929 btn=0000 raw=0000
[in] f2933 btn=0100 raw=0000
[in] f2935 btn=0002 raw=0000
[in] f2938 btn=0000 raw=0000
[fx] f2940 pos=(6393.2,-180.0,3224.9) camang=-3999
[in] f2944 btn=0002 raw=0000
[in] f2947 btn=0000 raw=0000
[fx] f2970 pos=(6394.7,-179.9,3226.9) camang=-7024
[fx] f3000 pos=(6394.5,-180.0,3227.7) camang=-7790
[fx] f3030 pos=(6394.5,-180.0,3227.7) camang=-7790
[fx] f3060 pos=(6394.5,-179.9,3227.7) camang=-7790
[in] f3067 btn=0000 raw=0020
[in] f3068 btn=0000 raw=0000
[in] f3073 btn=0000 raw=0080
[in] f3074 btn=0000 raw=0000
[fx] f3090 pos=(6394.5,-179.9,3227.7) camang=-7724
[in] f3100 btn=0000 raw=0080
[in] f3102 btn=0000 raw=0000
[fx] f3120 pos=(6394.5,-180.0,3227.7) camang=-7724
[in] f3149 btn=0000 raw=0010
[fx] f3150 pos=(6394.5,-180.0,3227.7) camang=-7839
[in] f3151 btn=0000 raw=0080
[in] f3152 btn=0002 raw=0000
[in] f3155 btn=0100 raw=0000
[in] f3157 btn=0000 raw=0000
[in] f3158 btn=0000 raw=0010
[in] f3160 btn=0000 raw=0000
[fx] f3180 pos=(6398.7,-179.9,3230.9) camang=-7595
[in] f3186 btn=0800 raw=0000
[in] f3206 btn=0000 raw=0000
[fx] f3210 pos=(6404.5,-180.0,3235.6) camang=-8079
[in] f3234 btn=0002 raw=0000
[in] f3237 btn=0000 raw=0000
[fx] f3240 pos=(6407.7,-180.0,3239.4) camang=-8079
[in] f3243 btn=0000 raw=0040
[in] f3244 btn=0000 raw=0000
[in] f3246 btn=0000 raw=0020
[in] f3248 btn=0000 raw=0000
[in] f3252 btn=0002 raw=0000
[in] f3255 btn=0000 raw=0000
[fx] f3270 pos=(6410.9,-179.9,3242.5) camang=-7984
[in] f3289 btn=0002 raw=0000
[in] f3292 btn=0000 raw=0000
[fx] f3300 pos=(6411.5,-179.9,3242.8) camang=-7984
[in] f3316 btn=0002 raw=0000
[in] f3318 btn=0000 raw=0000
[in] f3322 btn=0002 raw=0000
[in] f3324 btn=0000 raw=0000
[in] f3327 btn=0000 raw=0020
[in] f3328 btn=0000 raw=0000
[in] f3330 btn=0000 raw=0080
[fx] f3330 pos=(6416.6,-180.0,3246.4) camang=-7952
[in] f3332 btn=0000 raw=0000
[in] f3333 btn=0000 raw=0080
[in] f3334 btn=0000 raw=0000
[in] f3339 btn=0100 raw=0000
[in] f3341 btn=0002 raw=0000
[in] f3343 btn=0000 raw=0000
[in] f3346 btn=0000 raw=0020
[in] f3348 btn=0002 raw=0000
[in] f3350 btn=0000 raw=0040
[in] f3352 btn=0000 raw=0000
[in] f3358 btn=0002 raw=0000
[fx] f3360 pos=(6422.3,-180.0,3251.5) camang=-7262
[in] f3361 btn=0000 raw=0000
[in] f3362 btn=0100 raw=0000
[in] f3363 btn=0002 raw=0000
[in] f3364 btn=0000 raw=0000
[in] f3369 btn=0001 raw=0000
[in] f3370 btn=0000 raw=0000
[in] f3372 btn=0100 raw=0000
[in] f3373 btn=0000 raw=0000
[in] f3375 btn=0000 raw=0010
[in] f3376 btn=0002 raw=0000
[in] f3378 btn=0000 raw=0000
[in] f3382 btn=0000 raw=0010
[in] f3383 btn=0000 raw=0000
[fx] f3390 pos=(6427.1,-179.9,3256.1) camang=-7178
[in] f3399 btn=0002 raw=0000
[in] f3401 btn=0000 raw=0000
[in] f3402 btn=0100 raw=0000
[in] f3404 btn=0002 raw=0000
[in] f3406 btn=0000 raw=0000
[in] f3411 btn=0100 raw=0000
[in] f3413 btn=0000 raw=0000
[in] f3416 btn=0002 raw=0000
[in] f3419 btn=0000 raw=0000
[fx] f3420 pos=(6431.8,-180.0,3260.2) camang=-5596
[in] f3421 btn=0000 raw=0040
[in] f3422 btn=0000 raw=0000
[in] f3423 btn=0000 raw=0020
[in] f3425 btn=0000 raw=0000
[in] f3427 btn=0000 raw=0080
[in] f3428 btn=0002 raw=0000
[in] f3431 btn=0100 raw=0000
[in] f3433 btn=0000 raw=0000
[in] f3435 btn=0001 raw=0000
[in] f3437 btn=0000 raw=0000
[in] f3442 btn=0800 raw=0000
[in] f3446 btn=0000 raw=0000
[fx] f3450 pos=(6434.9,-180.0,3263.1) camang=-6560
[fx] f3480 pos=(6435.5,-179.9,3265.1) camang=-7818
[fx] f3510 pos=(6435.5,-179.9,3265.2) camang=-7818
[fx] f3540 pos=(6435.5,-180.0,3265.2) camang=-7818
[fx] f3570 pos=(6435.5,-180.0,3265.2) camang=-7818
[fx] f3600 pos=(6435.5,-179.9,3265.2) camang=-7818
[fx] f3630 pos=(6435.5,-180.0,3265.2) camang=-7818
[fx] f3660 pos=(6435.5,-180.0,3265.2) camang=-7818
[fx] f3690 pos=(6435.5,-179.9,3265.2) camang=-7818
[fx] f3720 pos=(6435.5,-179.9,3265.2) camang=-7818
